
T8577.hs:9:11: error:
    • Couldn't match type ‘Int’ with ‘Bool’
      Expected type: Code Q (A Bool)
        Actual type: Code Q (A Int)
    • In the expression: y
      In the Template Haskell splice $$(y)
      In the expression: $$(y)
