
ExplicitForAllFams2.hs:34:10: warning: [-Wunused-type-patterns]
    Defined but not used on the right hand side: type variable ‘t’

ExplicitForAllFams2.hs:35:10: warning: [-Wunused-type-patterns]
    Defined but not used on the right hand side: type variable ‘a’

ExplicitForAllFams2.hs:38:3: warning: [-Wunused-type-patterns]
    Defined but not used on the right hand side: type variable ‘t’

ExplicitForAllFams2.hs:39:3: warning: [-Wunused-type-patterns]
    Defined but not used on the right hand side: type variable ‘a’
